---
http_interactions:
- request:
    method: get
    uri: https://legal-framework-api-staging.cloud-platform.service.justice.gov.uk/client_involvement_types/DA004
    body:
      encoding: US-ASCII
      string: ''
    headers:
      Content-Type:
      - application/json
      User-Agent:
      - Faraday v2.13.1
  response:
    status:
      code: 200
      message: OK
    headers:
      date:
      - Thu, 12 Jun 2025 11:32:01 GMT
      content-type:
      - application/json; charset=utf-8
      content-length:
      - '320'
      connection:
      - keep-alive
      x-frame-options:
      - SAMEORIGIN
      x-xss-protection:
      - '0'
      x-content-type-options:
      - nosniff
      x-permitted-cross-domain-policies:
      - none
      referrer-policy:
      - strict-origin-when-cross-origin
      vary:
      - Accept, Origin
      etag:
      - W/"634b8c627a1b078b5d1fffcb51ca2121"
      cache-control:
      - max-age=0, private, must-revalidate
      x-request-id:
      - d6f505a398ee90b10d1079222a60a568
      x-runtime:
      - '0.003254'
      strict-transport-security:
      - max-age=31536000; includeSubDomains
    body:
      encoding: UTF-8
      string: '{"success":true,"client_involvement_type":[{"ccms_code":"A","description":"Applicant/claimant/petitioner"},{"ccms_code":"D","description":"Defendant/respondent"},{"ccms_code":"W","description":"Subject
        of proceedings (child)"},{"ccms_code":"I","description":"Intervenor"},{"ccms_code":"Z","description":"Joined
        party"}]}'
  recorded_at: Thu, 12 Jun 2025 11:32:01 GMT
- request:
    method: get
    uri: https://legal-framework-api-staging.cloud-platform.service.justice.gov.uk/client_involvement_types/DA004
    body:
      encoding: US-ASCII
      string: ''
    headers:
      Content-Type:
      - application/json
      User-Agent:
      - Faraday v2.13.1
  response:
    status:
      code: 200
      message: OK
    headers:
      date:
      - Thu, 12 Jun 2025 11:32:02 GMT
      content-type:
      - application/json; charset=utf-8
      content-length:
      - '320'
      connection:
      - keep-alive
      x-frame-options:
      - SAMEORIGIN
      x-xss-protection:
      - '0'
      x-content-type-options:
      - nosniff
      x-permitted-cross-domain-policies:
      - none
      referrer-policy:
      - strict-origin-when-cross-origin
      vary:
      - Accept, Origin
      etag:
      - W/"634b8c627a1b078b5d1fffcb51ca2121"
      cache-control:
      - max-age=0, private, must-revalidate
      x-request-id:
      - c64802fe5f51b573ba4293c9d2c319bc
      x-runtime:
      - '0.002214'
      strict-transport-security:
      - max-age=31536000; includeSubDomains
    body:
      encoding: UTF-8
      string: '{"success":true,"client_involvement_type":[{"ccms_code":"A","description":"Applicant/claimant/petitioner"},{"ccms_code":"D","description":"Defendant/respondent"},{"ccms_code":"W","description":"Subject
        of proceedings (child)"},{"ccms_code":"I","description":"Intervenor"},{"ccms_code":"Z","description":"Joined
        party"}]}'
  recorded_at: Thu, 12 Jun 2025 11:32:02 GMT
- request:
    method: post
    uri: https://legal-framework-api-staging.cloud-platform.service.justice.gov.uk/proceeding_type_defaults
    body:
      encoding: UTF-8
      string: '{"proceeding_type_ccms_code":"DA004","delegated_functions_used":true,"client_involvement_type":"A"}'
    headers:
      Content-Type:
      - application/json
      User-Agent:
      - Faraday v2.13.1
  response:
    status:
      code: 200
      message: OK
    headers:
      date:
      - Thu, 12 Jun 2025 11:32:03 GMT
      content-type:
      - application/json; charset=utf-8
      content-length:
      - '477'
      connection:
      - keep-alive
      x-frame-options:
      - SAMEORIGIN
      x-xss-protection:
      - '0'
      x-content-type-options:
      - nosniff
      x-permitted-cross-domain-policies:
      - none
      referrer-policy:
      - strict-origin-when-cross-origin
      vary:
      - Accept, Origin
      etag:
      - W/"f6e255747b495453398cd82197a149da"
      cache-control:
      - max-age=0, private, must-revalidate
      x-request-id:
      - 4946694f8e3d2b9d31c2a6e7bcda0a98
      x-runtime:
      - '0.007468'
      strict-transport-security:
      - max-age=31536000; includeSubDomains
    body:
      encoding: UTF-8
      string: '{"success":true,"requested_params":{"proceeding_type_ccms_code":"DA004","delegated_functions_used":true,"client_involvement_type":"A"},"default_level_of_service":{"level":3,"name":"Full
        Representation","stage":8},"default_scope":{"code":"CV117","meaning":"Interim
        order inc. return date","description":"Limited to all steps necessary to apply
        for an interim order; where application is made without notice to include
        representation on the return date.","additional_params":[]}}'
  recorded_at: Thu, 12 Jun 2025 11:32:03 GMT
- request:
    method: post
    uri: https://legal-framework-api-staging.cloud-platform.service.justice.gov.uk/proceeding_type_defaults
    body:
      encoding: UTF-8
      string: '{"proceeding_type_ccms_code":"DA004","delegated_functions_used":true,"client_involvement_type":"A"}'
    headers:
      Content-Type:
      - application/json
      User-Agent:
      - Faraday v2.13.1
  response:
    status:
      code: 200
      message: OK
    headers:
      date:
      - Thu, 12 Jun 2025 11:32:04 GMT
      content-type:
      - application/json; charset=utf-8
      content-length:
      - '477'
      connection:
      - keep-alive
      x-frame-options:
      - SAMEORIGIN
      x-xss-protection:
      - '0'
      x-content-type-options:
      - nosniff
      x-permitted-cross-domain-policies:
      - none
      referrer-policy:
      - strict-origin-when-cross-origin
      vary:
      - Accept, Origin
      etag:
      - W/"f6e255747b495453398cd82197a149da"
      cache-control:
      - max-age=0, private, must-revalidate
      x-request-id:
      - 8303225020be7e320f0527acc9f07aee
      x-runtime:
      - '0.007410'
      strict-transport-security:
      - max-age=31536000; includeSubDomains
    body:
      encoding: UTF-8
      string: '{"success":true,"requested_params":{"proceeding_type_ccms_code":"DA004","delegated_functions_used":true,"client_involvement_type":"A"},"default_level_of_service":{"level":3,"name":"Full
        Representation","stage":8},"default_scope":{"code":"CV117","meaning":"Interim
        order inc. return date","description":"Limited to all steps necessary to apply
        for an interim order; where application is made without notice to include
        representation on the return date.","additional_params":[]}}'
  recorded_at: Thu, 12 Jun 2025 11:32:04 GMT
- request:
    method: get
    uri: https://legal-framework-api-staging.cloud-platform.service.justice.gov.uk/proceeding_types/DA004
    body:
      encoding: US-ASCII
      string: ''
    headers:
      Content-Type:
      - application/json
      User-Agent:
      - Faraday v2.13.1
  response:
    status:
      code: 200
      message: OK
    headers:
      date:
      - Thu, 12 Jun 2025 11:32:04 GMT
      content-type:
      - application/json; charset=utf-8
      content-length:
      - '1331'
      connection:
      - keep-alive
      x-frame-options:
      - SAMEORIGIN
      x-xss-protection:
      - '0'
      x-content-type-options:
      - nosniff
      x-permitted-cross-domain-policies:
      - none
      referrer-policy:
      - strict-origin-when-cross-origin
      vary:
      - Accept, Origin
      etag:
      - W/"82a4e7b3a11c8dd645180a8309989800"
      cache-control:
      - max-age=0, private, must-revalidate
      x-request-id:
      - c0b3fac6bc7cabe6903c2cdcbed7a2b3
      x-runtime:
      - '0.013638'
      strict-transport-security:
      - max-age=31536000; includeSubDomains
    body:
      encoding: UTF-8
      string: '{"success":true,"ccms_code":"DA004","meaning":"Non-molestation order","ccms_category_law_code":"MAT","ccms_matter_code":"MINJN","name":"nonmolestation_order","description":"to
        be represented on an application for a non-molestation order.","sca_core":false,"sca_related":false,"ccms_category_law":"Family","ccms_matter":"domestic
        abuse (DA)","cost_limitations":{"substantive":{"start_date":"1970-01-01","value":"25000.0"},"delegated_functions":{"start_date":"2021-09-13","value":"2250.0"}},"default_scope_limitations":{"substantive":{"code":"AA019","meaning":"Injunction
        FLA-to final hearing","description":"As to proceedings under Part IV Family
        Law Act 1996 limited to all steps up to and including obtaining and serving
        a final order and in the event of breach leading to the exercise of a power
        of arrest to representation on the consideration of the breach by the court
        (but excluding applying for a warrant of arrest, if not attached, and representation
        in contempt proceedings)."},"delegated_functions":{"code":"CV117","meaning":"Interim
        order inc. return date","description":"Limited to all steps necessary to apply
        for an interim order; where application is made without notice to include
        representation on the return date."}},"service_levels":[{"level":3,"name":"Full
        Representation","stage":8,"proceeding_default":true}]}'
  recorded_at: Thu, 12 Jun 2025 11:32:04 GMT
- request:
    method: get
    uri: https://legal-framework-api-staging.cloud-platform.service.justice.gov.uk/proceeding_types/DA004
    body:
      encoding: US-ASCII
      string: ''
    headers:
      Content-Type:
      - application/json
      User-Agent:
      - Faraday v2.13.1
  response:
    status:
      code: 200
      message: OK
    headers:
      date:
      - Thu, 12 Jun 2025 11:32:05 GMT
      content-type:
      - application/json; charset=utf-8
      content-length:
      - '1331'
      connection:
      - keep-alive
      x-frame-options:
      - SAMEORIGIN
      x-xss-protection:
      - '0'
      x-content-type-options:
      - nosniff
      x-permitted-cross-domain-policies:
      - none
      referrer-policy:
      - strict-origin-when-cross-origin
      vary:
      - Accept, Origin
      etag:
      - W/"82a4e7b3a11c8dd645180a8309989800"
      cache-control:
      - max-age=0, private, must-revalidate
      x-request-id:
      - 848ab7f1e1dec8c3c248865f994a61b2
      x-runtime:
      - '0.009462'
      strict-transport-security:
      - max-age=31536000; includeSubDomains
    body:
      encoding: UTF-8
      string: '{"success":true,"ccms_code":"DA004","meaning":"Non-molestation order","ccms_category_law_code":"MAT","ccms_matter_code":"MINJN","name":"nonmolestation_order","description":"to
        be represented on an application for a non-molestation order.","sca_core":false,"sca_related":false,"ccms_category_law":"Family","ccms_matter":"domestic
        abuse (DA)","cost_limitations":{"substantive":{"start_date":"1970-01-01","value":"25000.0"},"delegated_functions":{"start_date":"2021-09-13","value":"2250.0"}},"default_scope_limitations":{"substantive":{"code":"AA019","meaning":"Injunction
        FLA-to final hearing","description":"As to proceedings under Part IV Family
        Law Act 1996 limited to all steps up to and including obtaining and serving
        a final order and in the event of breach leading to the exercise of a power
        of arrest to representation on the consideration of the breach by the court
        (but excluding applying for a warrant of arrest, if not attached, and representation
        in contempt proceedings)."},"delegated_functions":{"code":"CV117","meaning":"Interim
        order inc. return date","description":"Limited to all steps necessary to apply
        for an interim order; where application is made without notice to include
        representation on the return date."}},"service_levels":[{"level":3,"name":"Full
        Representation","stage":8,"proceeding_default":true}]}'
  recorded_at: Thu, 12 Jun 2025 11:32:05 GMT
- request:
    method: post
    uri: https://legal-framework-api-staging.cloud-platform.service.justice.gov.uk/proceeding_type_defaults
    body:
      encoding: UTF-8
      string: '{"proceeding_type_ccms_code":"DA004","delegated_functions_used":true,"client_involvement_type":"A"}'
    headers:
      Content-Type:
      - application/json
      User-Agent:
      - Faraday v2.13.1
  response:
    status:
      code: 200
      message: OK
    headers:
      date:
      - Thu, 12 Jun 2025 11:32:05 GMT
      content-type:
      - application/json; charset=utf-8
      content-length:
      - '477'
      connection:
      - keep-alive
      x-frame-options:
      - SAMEORIGIN
      x-xss-protection:
      - '0'
      x-content-type-options:
      - nosniff
      x-permitted-cross-domain-policies:
      - none
      referrer-policy:
      - strict-origin-when-cross-origin
      vary:
      - Accept, Origin
      etag:
      - W/"f6e255747b495453398cd82197a149da"
      cache-control:
      - max-age=0, private, must-revalidate
      x-request-id:
      - 40602d30ccd00e216f2adb52862ef9fa
      x-runtime:
      - '0.009559'
      strict-transport-security:
      - max-age=31536000; includeSubDomains
    body:
      encoding: UTF-8
      string: '{"success":true,"requested_params":{"proceeding_type_ccms_code":"DA004","delegated_functions_used":true,"client_involvement_type":"A"},"default_level_of_service":{"level":3,"name":"Full
        Representation","stage":8},"default_scope":{"code":"CV117","meaning":"Interim
        order inc. return date","description":"Limited to all steps necessary to apply
        for an interim order; where application is made without notice to include
        representation on the return date.","additional_params":[]}}'
  recorded_at: Thu, 12 Jun 2025 11:32:05 GMT
- request:
    method: post
    uri: https://legal-framework-api-staging.cloud-platform.service.justice.gov.uk/proceeding_type_scopes
    body:
      encoding: UTF-8
      string: '{"proceeding_type_ccms_code":"DA004","delegated_functions_used":true,"client_involvement_type":"A","level_of_service_code":3}'
    headers:
      Content-Type:
      - application/json
      User-Agent:
      - Faraday v2.13.1
  response:
    status:
      code: 200
      message: OK
    headers:
      date:
      - Thu, 12 Jun 2025 11:32:06 GMT
      content-type:
      - application/json; charset=utf-8
      content-length:
      - '1622'
      connection:
      - keep-alive
      x-frame-options:
      - SAMEORIGIN
      x-xss-protection:
      - '0'
      x-content-type-options:
      - nosniff
      x-permitted-cross-domain-policies:
      - none
      referrer-policy:
      - strict-origin-when-cross-origin
      vary:
      - Accept, Origin
      etag:
      - W/"5cb81d0b5c30be0e006d4ba352304f2b"
      cache-control:
      - max-age=0, private, must-revalidate
      x-request-id:
      - 9a80b460870191d41bdd7363ea48fac3
      x-runtime:
      - '0.020981'
      strict-transport-security:
      - max-age=31536000; includeSubDomains
    body:
      encoding: UTF-8
      string: '{"success":true,"requested_params":{"proceeding_type_ccms_code":"DA004","delegated_functions_used":true,"client_involvement_type":"A","level_of_service_code":3},"level_of_service":{"level":3,"name":"Full
        Representation","stage":8,"scope_limitations":[{"code":"CV079","meaning":"Counsel''s
        Opinion","description":"Limited to obtaining external Counsel''s Opinion or
        the opinion of an external solicitor with higher court advocacy rights on
        the information already available.","additional_params":[]},{"code":"CV118","meaning":"Hearing","description":"Limited
        to all steps up to and including the hearing on [see additional limitation
        notes]","additional_params":[{"name":"hearing_date","type":"date","mandatory":true}]},{"code":"CV027","meaning":"Hearing/Adjournment","description":"Limited
        to all steps (including any adjournment thereof) up to and including the hearing
        on","additional_params":[{"name":"hearing_date","type":"date","mandatory":true}]},{"code":"CV117","meaning":"Interim
        order inc. return date","description":"Limited to all steps necessary to apply
        for an interim order; where application is made without notice to include
        representation on the return date.","additional_params":[]},{"code":"FM054","meaning":"Overseas
        applicant (forced marriage)","description":"Limited where the applicant is
        overseas, to their return to the jurisdiction and thereafter a solicitor''s
        report","additional_params":[]},{"code":"AA009","meaning":"Warrant of arrest
        FLA","description":"As to an order under Part IV Family Law Act 1996 limited
        to an application for the issue of a warrant of arrest.","additional_params":[]}]}}'
  recorded_at: Thu, 12 Jun 2025 11:32:05 GMT
- request:
    method: post
    uri: https://legal-framework-api-staging.cloud-platform.service.justice.gov.uk/proceeding_type_scopes
    body:
      encoding: UTF-8
      string: '{"proceeding_type_ccms_code":"DA004","delegated_functions_used":true,"client_involvement_type":"A","level_of_service_code":3}'
    headers:
      Content-Type:
      - application/json
      User-Agent:
      - Faraday v2.13.1
  response:
    status:
      code: 200
      message: OK
    headers:
      date:
      - Thu, 12 Jun 2025 11:32:07 GMT
      content-type:
      - application/json; charset=utf-8
      content-length:
      - '1622'
      connection:
      - keep-alive
      x-frame-options:
      - SAMEORIGIN
      x-xss-protection:
      - '0'
      x-content-type-options:
      - nosniff
      x-permitted-cross-domain-policies:
      - none
      referrer-policy:
      - strict-origin-when-cross-origin
      vary:
      - Accept, Origin
      etag:
      - W/"5cb81d0b5c30be0e006d4ba352304f2b"
      cache-control:
      - max-age=0, private, must-revalidate
      x-request-id:
      - d2da0dd78c358e7b9b57b5b883c61026
      x-runtime:
      - '0.015446'
      strict-transport-security:
      - max-age=31536000; includeSubDomains
    body:
      encoding: UTF-8
      string: '{"success":true,"requested_params":{"proceeding_type_ccms_code":"DA004","delegated_functions_used":true,"client_involvement_type":"A","level_of_service_code":3},"level_of_service":{"level":3,"name":"Full
        Representation","stage":8,"scope_limitations":[{"code":"CV079","meaning":"Counsel''s
        Opinion","description":"Limited to obtaining external Counsel''s Opinion or
        the opinion of an external solicitor with higher court advocacy rights on
        the information already available.","additional_params":[]},{"code":"CV118","meaning":"Hearing","description":"Limited
        to all steps up to and including the hearing on [see additional limitation
        notes]","additional_params":[{"name":"hearing_date","type":"date","mandatory":true}]},{"code":"CV027","meaning":"Hearing/Adjournment","description":"Limited
        to all steps (including any adjournment thereof) up to and including the hearing
        on","additional_params":[{"name":"hearing_date","type":"date","mandatory":true}]},{"code":"CV117","meaning":"Interim
        order inc. return date","description":"Limited to all steps necessary to apply
        for an interim order; where application is made without notice to include
        representation on the return date.","additional_params":[]},{"code":"FM054","meaning":"Overseas
        applicant (forced marriage)","description":"Limited where the applicant is
        overseas, to their return to the jurisdiction and thereafter a solicitor''s
        report","additional_params":[]},{"code":"AA009","meaning":"Warrant of arrest
        FLA","description":"As to an order under Part IV Family Law Act 1996 limited
        to an application for the issue of a warrant of arrest.","additional_params":[]}]}}'
  recorded_at: Thu, 12 Jun 2025 11:32:07 GMT
- request:
    method: post
    uri: https://legal-framework-api-staging.cloud-platform.service.justice.gov.uk/proceeding_type_defaults
    body:
      encoding: UTF-8
      string: '{"proceeding_type_ccms_code":"DA004","delegated_functions_used":false,"client_involvement_type":"A"}'
    headers:
      Content-Type:
      - application/json
      User-Agent:
      - Faraday v2.13.1
  response:
    status:
      code: 200
      message: OK
    headers:
      date:
      - Thu, 12 Jun 2025 11:32:07 GMT
      content-type:
      - application/json; charset=utf-8
      content-length:
      - '708'
      connection:
      - keep-alive
      x-frame-options:
      - SAMEORIGIN
      x-xss-protection:
      - '0'
      x-content-type-options:
      - nosniff
      x-permitted-cross-domain-policies:
      - none
      referrer-policy:
      - strict-origin-when-cross-origin
      vary:
      - Accept, Origin
      etag:
      - W/"05375658d64485716c2575dd3e911e59"
      cache-control:
      - max-age=0, private, must-revalidate
      x-request-id:
      - be181e474d441d29b5cc3ec0f99cf1a7
      x-runtime:
      - '0.007358'
      strict-transport-security:
      - max-age=31536000; includeSubDomains
    body:
      encoding: UTF-8
      string: '{"success":true,"requested_params":{"proceeding_type_ccms_code":"DA004","delegated_functions_used":false,"client_involvement_type":"A"},"default_level_of_service":{"level":3,"name":"Full
        Representation","stage":8},"default_scope":{"code":"AA019","meaning":"Injunction
        FLA-to final hearing","description":"As to proceedings under Part IV Family
        Law Act 1996 limited to all steps up to and including obtaining and serving
        a final order and in the event of breach leading to the exercise of a power
        of arrest to representation on the consideration of the breach by the court
        (but excluding applying for a warrant of arrest, if not attached, and representation
        in contempt proceedings).","additional_params":[]}}'
  recorded_at: Thu, 12 Jun 2025 11:32:07 GMT
- request:
    method: post
    uri: https://legal-framework-api-staging.cloud-platform.service.justice.gov.uk/proceeding_type_defaults
    body:
      encoding: UTF-8
      string: '{"proceeding_type_ccms_code":"DA004","delegated_functions_used":false,"client_involvement_type":"A"}'
    headers:
      Content-Type:
      - application/json
      User-Agent:
      - Faraday v2.13.1
  response:
    status:
      code: 200
      message: OK
    headers:
      date:
      - Thu, 12 Jun 2025 11:32:08 GMT
      content-type:
      - application/json; charset=utf-8
      content-length:
      - '708'
      connection:
      - keep-alive
      x-frame-options:
      - SAMEORIGIN
      x-xss-protection:
      - '0'
      x-content-type-options:
      - nosniff
      x-permitted-cross-domain-policies:
      - none
      referrer-policy:
      - strict-origin-when-cross-origin
      vary:
      - Accept, Origin
      etag:
      - W/"05375658d64485716c2575dd3e911e59"
      cache-control:
      - max-age=0, private, must-revalidate
      x-request-id:
      - f115076c92c5689656d8a23bb95f382e
      x-runtime:
      - '0.008544'
      strict-transport-security:
      - max-age=31536000; includeSubDomains
    body:
      encoding: UTF-8
      string: '{"success":true,"requested_params":{"proceeding_type_ccms_code":"DA004","delegated_functions_used":false,"client_involvement_type":"A"},"default_level_of_service":{"level":3,"name":"Full
        Representation","stage":8},"default_scope":{"code":"AA019","meaning":"Injunction
        FLA-to final hearing","description":"As to proceedings under Part IV Family
        Law Act 1996 limited to all steps up to and including obtaining and serving
        a final order and in the event of breach leading to the exercise of a power
        of arrest to representation on the consideration of the breach by the court
        (but excluding applying for a warrant of arrest, if not attached, and representation
        in contempt proceedings).","additional_params":[]}}'
  recorded_at: Thu, 12 Jun 2025 11:32:08 GMT
- request:
    method: get
    uri: https://legal-framework-api-staging.cloud-platform.service.justice.gov.uk/proceeding_types/DA004
    body:
      encoding: US-ASCII
      string: ''
    headers:
      Content-Type:
      - application/json
      User-Agent:
      - Faraday v2.13.1
  response:
    status:
      code: 200
      message: OK
    headers:
      date:
      - Thu, 12 Jun 2025 11:32:09 GMT
      content-type:
      - application/json; charset=utf-8
      content-length:
      - '1331'
      connection:
      - keep-alive
      x-frame-options:
      - SAMEORIGIN
      x-xss-protection:
      - '0'
      x-content-type-options:
      - nosniff
      x-permitted-cross-domain-policies:
      - none
      referrer-policy:
      - strict-origin-when-cross-origin
      vary:
      - Accept, Origin
      etag:
      - W/"82a4e7b3a11c8dd645180a8309989800"
      cache-control:
      - max-age=0, private, must-revalidate
      x-request-id:
      - 1f59acb50aa67d9afb53234e38cb8042
      x-runtime:
      - '0.009530'
      strict-transport-security:
      - max-age=31536000; includeSubDomains
    body:
      encoding: UTF-8
      string: '{"success":true,"ccms_code":"DA004","meaning":"Non-molestation order","ccms_category_law_code":"MAT","ccms_matter_code":"MINJN","name":"nonmolestation_order","description":"to
        be represented on an application for a non-molestation order.","sca_core":false,"sca_related":false,"ccms_category_law":"Family","ccms_matter":"domestic
        abuse (DA)","cost_limitations":{"substantive":{"start_date":"1970-01-01","value":"25000.0"},"delegated_functions":{"start_date":"2021-09-13","value":"2250.0"}},"default_scope_limitations":{"substantive":{"code":"AA019","meaning":"Injunction
        FLA-to final hearing","description":"As to proceedings under Part IV Family
        Law Act 1996 limited to all steps up to and including obtaining and serving
        a final order and in the event of breach leading to the exercise of a power
        of arrest to representation on the consideration of the breach by the court
        (but excluding applying for a warrant of arrest, if not attached, and representation
        in contempt proceedings)."},"delegated_functions":{"code":"CV117","meaning":"Interim
        order inc. return date","description":"Limited to all steps necessary to apply
        for an interim order; where application is made without notice to include
        representation on the return date."}},"service_levels":[{"level":3,"name":"Full
        Representation","stage":8,"proceeding_default":true}]}'
  recorded_at: Thu, 12 Jun 2025 11:32:09 GMT
- request:
    method: get
    uri: https://legal-framework-api-staging.cloud-platform.service.justice.gov.uk/proceeding_types/DA004
    body:
      encoding: US-ASCII
      string: ''
    headers:
      Content-Type:
      - application/json
      User-Agent:
      - Faraday v2.13.1
  response:
    status:
      code: 200
      message: OK
    headers:
      date:
      - Thu, 12 Jun 2025 11:32:09 GMT
      content-type:
      - application/json; charset=utf-8
      content-length:
      - '1331'
      connection:
      - keep-alive
      x-frame-options:
      - SAMEORIGIN
      x-xss-protection:
      - '0'
      x-content-type-options:
      - nosniff
      x-permitted-cross-domain-policies:
      - none
      referrer-policy:
      - strict-origin-when-cross-origin
      vary:
      - Accept, Origin
      etag:
      - W/"82a4e7b3a11c8dd645180a8309989800"
      cache-control:
      - max-age=0, private, must-revalidate
      x-request-id:
      - 9d821ba184d88c94ed2d8836f1816056
      x-runtime:
      - '0.009942'
      strict-transport-security:
      - max-age=31536000; includeSubDomains
    body:
      encoding: UTF-8
      string: '{"success":true,"ccms_code":"DA004","meaning":"Non-molestation order","ccms_category_law_code":"MAT","ccms_matter_code":"MINJN","name":"nonmolestation_order","description":"to
        be represented on an application for a non-molestation order.","sca_core":false,"sca_related":false,"ccms_category_law":"Family","ccms_matter":"domestic
        abuse (DA)","cost_limitations":{"substantive":{"start_date":"1970-01-01","value":"25000.0"},"delegated_functions":{"start_date":"2021-09-13","value":"2250.0"}},"default_scope_limitations":{"substantive":{"code":"AA019","meaning":"Injunction
        FLA-to final hearing","description":"As to proceedings under Part IV Family
        Law Act 1996 limited to all steps up to and including obtaining and serving
        a final order and in the event of breach leading to the exercise of a power
        of arrest to representation on the consideration of the breach by the court
        (but excluding applying for a warrant of arrest, if not attached, and representation
        in contempt proceedings)."},"delegated_functions":{"code":"CV117","meaning":"Interim
        order inc. return date","description":"Limited to all steps necessary to apply
        for an interim order; where application is made without notice to include
        representation on the return date."}},"service_levels":[{"level":3,"name":"Full
        Representation","stage":8,"proceeding_default":true}]}'
  recorded_at: Thu, 12 Jun 2025 11:32:09 GMT
- request:
    method: post
    uri: https://legal-framework-api-staging.cloud-platform.service.justice.gov.uk/proceeding_type_defaults
    body:
      encoding: UTF-8
      string: '{"proceeding_type_ccms_code":"DA004","delegated_functions_used":false,"client_involvement_type":"A"}'
    headers:
      Content-Type:
      - application/json
      User-Agent:
      - Faraday v2.13.1
  response:
    status:
      code: 200
      message: OK
    headers:
      date:
      - Thu, 12 Jun 2025 11:32:10 GMT
      content-type:
      - application/json; charset=utf-8
      content-length:
      - '708'
      connection:
      - keep-alive
      x-frame-options:
      - SAMEORIGIN
      x-xss-protection:
      - '0'
      x-content-type-options:
      - nosniff
      x-permitted-cross-domain-policies:
      - none
      referrer-policy:
      - strict-origin-when-cross-origin
      vary:
      - Accept, Origin
      etag:
      - W/"05375658d64485716c2575dd3e911e59"
      cache-control:
      - max-age=0, private, must-revalidate
      x-request-id:
      - f8a5b392df00d93986d24dc0d4ca4a8a
      x-runtime:
      - '0.007593'
      strict-transport-security:
      - max-age=31536000; includeSubDomains
    body:
      encoding: UTF-8
      string: '{"success":true,"requested_params":{"proceeding_type_ccms_code":"DA004","delegated_functions_used":false,"client_involvement_type":"A"},"default_level_of_service":{"level":3,"name":"Full
        Representation","stage":8},"default_scope":{"code":"AA019","meaning":"Injunction
        FLA-to final hearing","description":"As to proceedings under Part IV Family
        Law Act 1996 limited to all steps up to and including obtaining and serving
        a final order and in the event of breach leading to the exercise of a power
        of arrest to representation on the consideration of the breach by the court
        (but excluding applying for a warrant of arrest, if not attached, and representation
        in contempt proceedings).","additional_params":[]}}'
  recorded_at: Thu, 12 Jun 2025 11:32:09 GMT
- request:
    method: post
    uri: https://legal-framework-api-staging.cloud-platform.service.justice.gov.uk/proceeding_type_scopes
    body:
      encoding: UTF-8
      string: '{"proceeding_type_ccms_code":"DA004","delegated_functions_used":false,"client_involvement_type":"A","level_of_service_code":3}'
    headers:
      Content-Type:
      - application/json
      User-Agent:
      - Faraday v2.13.1
  response:
    status:
      code: 200
      message: OK
    headers:
      date:
      - Thu, 12 Jun 2025 11:32:10 GMT
      content-type:
      - application/json; charset=utf-8
      content-length:
      - '2101'
      connection:
      - keep-alive
      x-frame-options:
      - SAMEORIGIN
      x-xss-protection:
      - '0'
      x-content-type-options:
      - nosniff
      x-permitted-cross-domain-policies:
      - none
      referrer-policy:
      - strict-origin-when-cross-origin
      vary:
      - Accept, Origin
      etag:
      - W/"607af38910362a3060b3c421d9bd769e"
      cache-control:
      - max-age=0, private, must-revalidate
      x-request-id:
      - bac061e3e55d07e2aa350e7ab1152f6c
      x-runtime:
      - '0.016880'
      strict-transport-security:
      - max-age=31536000; includeSubDomains
    body:
      encoding: UTF-8
      string: '{"success":true,"requested_params":{"proceeding_type_ccms_code":"DA004","delegated_functions_used":false,"client_involvement_type":"A","level_of_service_code":3},"level_of_service":{"level":3,"name":"Full
        Representation","stage":8,"scope_limitations":[{"code":"CV079","meaning":"Counsel''s
        Opinion","description":"Limited to obtaining external Counsel''s Opinion or
        the opinion of an external solicitor with higher court advocacy rights on
        the information already available.","additional_params":[]},{"code":"CV118","meaning":"Hearing","description":"Limited
        to all steps up to and including the hearing on [see additional limitation
        notes]","additional_params":[{"name":"hearing_date","type":"date","mandatory":true}]},{"code":"CV027","meaning":"Hearing/Adjournment","description":"Limited
        to all steps (including any adjournment thereof) up to and including the hearing
        on","additional_params":[{"name":"hearing_date","type":"date","mandatory":true}]},{"code":"AA019","meaning":"Injunction
        FLA-to final hearing","description":"As to proceedings under Part IV Family
        Law Act 1996 limited to all steps up to and including obtaining and serving
        a final order and in the event of breach leading to the exercise of a power
        of arrest to representation on the consideration of the breach by the court
        (but excluding applying for a warrant of arrest, if not attached, and representation
        in contempt proceedings).","additional_params":[]},{"code":"CV117","meaning":"Interim
        order inc. return date","description":"Limited to all steps necessary to apply
        for an interim order; where application is made without notice to include
        representation on the return date.","additional_params":[]},{"code":"FM054","meaning":"Overseas
        applicant (forced marriage)","description":"Limited where the applicant is
        overseas, to their return to the jurisdiction and thereafter a solicitor''s
        report","additional_params":[]},{"code":"AA009","meaning":"Warrant of arrest
        FLA","description":"As to an order under Part IV Family Law Act 1996 limited
        to an application for the issue of a warrant of arrest.","additional_params":[]}]}}'
  recorded_at: Thu, 12 Jun 2025 11:32:10 GMT
- request:
    method: post
    uri: https://legal-framework-api-staging.cloud-platform.service.justice.gov.uk/proceeding_type_scopes
    body:
      encoding: UTF-8
      string: '{"proceeding_type_ccms_code":"DA004","delegated_functions_used":false,"client_involvement_type":"A","level_of_service_code":3}'
    headers:
      Content-Type:
      - application/json
      User-Agent:
      - Faraday v2.13.1
  response:
    status:
      code: 200
      message: OK
    headers:
      date:
      - Thu, 12 Jun 2025 11:32:11 GMT
      content-type:
      - application/json; charset=utf-8
      content-length:
      - '2101'
      connection:
      - keep-alive
      x-frame-options:
      - SAMEORIGIN
      x-xss-protection:
      - '0'
      x-content-type-options:
      - nosniff
      x-permitted-cross-domain-policies:
      - none
      referrer-policy:
      - strict-origin-when-cross-origin
      vary:
      - Accept, Origin
      etag:
      - W/"607af38910362a3060b3c421d9bd769e"
      cache-control:
      - max-age=0, private, must-revalidate
      x-request-id:
      - f5f5efe1230a5b5da6f22a9b221be684
      x-runtime:
      - '0.031294'
      strict-transport-security:
      - max-age=31536000; includeSubDomains
    body:
      encoding: UTF-8
      string: '{"success":true,"requested_params":{"proceeding_type_ccms_code":"DA004","delegated_functions_used":false,"client_involvement_type":"A","level_of_service_code":3},"level_of_service":{"level":3,"name":"Full
        Representation","stage":8,"scope_limitations":[{"code":"CV079","meaning":"Counsel''s
        Opinion","description":"Limited to obtaining external Counsel''s Opinion or
        the opinion of an external solicitor with higher court advocacy rights on
        the information already available.","additional_params":[]},{"code":"CV118","meaning":"Hearing","description":"Limited
        to all steps up to and including the hearing on [see additional limitation
        notes]","additional_params":[{"name":"hearing_date","type":"date","mandatory":true}]},{"code":"CV027","meaning":"Hearing/Adjournment","description":"Limited
        to all steps (including any adjournment thereof) up to and including the hearing
        on","additional_params":[{"name":"hearing_date","type":"date","mandatory":true}]},{"code":"AA019","meaning":"Injunction
        FLA-to final hearing","description":"As to proceedings under Part IV Family
        Law Act 1996 limited to all steps up to and including obtaining and serving
        a final order and in the event of breach leading to the exercise of a power
        of arrest to representation on the consideration of the breach by the court
        (but excluding applying for a warrant of arrest, if not attached, and representation
        in contempt proceedings).","additional_params":[]},{"code":"CV117","meaning":"Interim
        order inc. return date","description":"Limited to all steps necessary to apply
        for an interim order; where application is made without notice to include
        representation on the return date.","additional_params":[]},{"code":"FM054","meaning":"Overseas
        applicant (forced marriage)","description":"Limited where the applicant is
        overseas, to their return to the jurisdiction and thereafter a solicitor''s
        report","additional_params":[]},{"code":"AA009","meaning":"Warrant of arrest
        FLA","description":"As to an order under Part IV Family Law Act 1996 limited
        to an application for the issue of a warrant of arrest.","additional_params":[]}]}}'
  recorded_at: Thu, 12 Jun 2025 11:32:11 GMT
recorded_with: VCR 6.3.1
